0
0
0
0
0
0
0
0
0
Index value of -1 is outside legal range [0,9).
