10 10.00
9 9.00
8 8.00
7 7.00
6 6.00
5 5.00
4 4.00
3 3.00
2 2.00
1 1.00
false
false
false
false
false
true
true
true
true
true
