1 10
2 11
3 10
4 11
5 9
6 9
7 10
8 9
9 8
10 0
11 3
12 2
13 3
14 0
15 1
16 2
17 1
18 0
19 10
20 8
21 8
22 8
23 9
24 8
25 8
26 8
27 8
