1 true
2 false
3 false
4 true
5 false
6 true
7 true
8 false
9 true
10 false
11 false
12 true
13 false
14 true
15 true
16 false
17 true
18 false
19 false
20 true
21 false
22 true
23 true
24 false
25 true
26 false
27 false
28 true
29 false
30 true
31 true
32 false
