should exit with 1
this should be the last line you see
