should exit with 0
this should be the last line you see
