0! is 1
1! is 1
2! is 2
3! is 6
4! is 24
5! is 120
