1 11.00
2 11.00
3 -11.00
4 3.14
5 3.14
6 -3.14
7 2.72
8 2.72
9 -2.72
10 5.86
11 -0.42
12 8.54
13 0.87
14 5.86
15 0.42
16 8.54
17 1.16
18 5.14
19 5.14
20 -1.14
21 1.14
22 6.28
23 6.28
24 0.64
25 1.57
26 6.14
27 6.14
28 -0.14
29 0.14
30 9.42
31 9.42
32 0.95
33 1.05
34 4.72
35 4.72
36 -0.72
37 0.72
38 5.44
39 5.44
40 0.74
41 1.36
42 5.72
43 5.72
44 0.28
45 -0.28
46 8.15
47 8.15
48 1.10
49 0.91
