4.00
10.00
11.00
4.00
10.00
5.00
10.00
11.00
3.00
25.00
