1 false
2 true
3 false
4 false
5 true
6 true
7 false
8 true
9 false
10 false
11 true
12 false
13 true
14 false
15 true
16 true
