1 false
2 true
3 false
4 false
5 true
6 true
7 false
8 true
9 false
10 false
11 true
12 false
13 true
14 false
15 true
16 true
17 false
18 true
19 false
20 false
21 true
22 true
23 false
24 true
25 false
26 false
27 true
28 false
29 true
30 false
31 true
32 true
33 false
34 true
35 false
36 false
37 true
38 true
39 false
40 true
41 false
42 false
43 true
44 false
45 true
46 false
47 true
48 true
