1 true
2 true
3 false
4 false
5 true
6 true
7 false
8 false
9 false
10 false
11 true
12 true
13 false
14 false
15 true
16 true
17 false
18 false
19 true
20 true
21 false
22 false
23 true
24 true
25 true
26 true
27 false
28 false
29 true
30 true
31 false
32 false
