42.00
42
true
9.70
0.40
0.30
0.20
0.10
0.00
0.44
0.33
0.22
0.11
0.00
0.50
0.38
0.25
0.12
0.00
0.57
0.43
0.29
0.14
0.00
0.67
0.50
0.33
0.17
0.00
0.80
0.60
0.40
0.20
0.00
1.00
0.75
0.50
0.25
0.00
1.33
1.00
0.67
0.33
0.00
2.00
1.50
1.00
0.50
0.00
4.00
3.00
2.00
1.00
0.00
