1 -5 -5 5
2 5 5 -5
3 10 10 -10
4 -10 -10 10
5 7 7 -7
6 1 1 -1
